 
****************************************
Report : timing
        -path full
        -delay max
        -derate
        -input_pins
        -nets
        -slack_lesser_than 0.0000
        -max_paths 10000
        -transition_time
        -crosstalk_delta
        -capacitance
Design : adder_1b
Version: Q-2019.12-SP3
Date   : Thu Feb  2 21:30:06 2023
****************************************

Operating Conditions: ss0p95v125c   Library: saed32rvt_ss0p95v125c
Wire Load Model Mode: enclosed

  Startpoint: A[0] (input port)
  Endpoint: S[3] (output port)
  Path Group: default
  Path Type: max

  Des/Clust/Port     Wire Load Model       Library
  ------------------------------------------------
  adder_1b           ForQA                 saed32rvt_ss0p95v125c

  Point                        Fanout       Cap     DTran     Trans     Delta     Derate      Incr       Path
  --------------------------------------------------------------------------------------------------------------
  input external delay                                                                      0.0000     0.0000 r
  A[0] (in)                                                  0.0000                         0.0000     0.0000 r
  A[0] (net)                     2       3.7670                                             0.0000     0.0000 r
  A1/A (adder2_3)                                                                           0.0000     0.0000 r
  A1/A (net)                             3.7670                                             0.0000     0.0000 r
  A1/U1/A (FADDX1_RVT)                             0.0000    0.0000    0.0000               0.0000     0.0000 r
  A1/U1/CO (FADDX1_RVT)                                      0.0477                         0.0948     0.0948 r
  A1/CO (net)                    2       1.6507                                             0.0000     0.0948 r
  A1/CO (adder2_3)                                                                          0.0000     0.0948 r
  W[0] (net)                             1.6507                                             0.0000     0.0948 r
  A2/Cin (adder2_2)                                                                         0.0000     0.0948 r
  A2/Cin (net)                           1.6507                                             0.0000     0.0948 r
  A2/U3/A4 (OA22X1_RVT)                            0.0000    0.0477    0.0000               0.0000     0.0948 r
  A2/U3/Y (OA22X1_RVT)                                       0.0390                         0.0760     0.1708 r
  A2/CO (net)                    2       1.6507                                             0.0000     0.1708 r
  A2/CO (adder2_2)                                                                          0.0000     0.1708 r
  W[1] (net)                             1.6507                                             0.0000     0.1708 r
  A3/Cin (adder2_1)                                                                         0.0000     0.1708 r
  A3/Cin (net)                           1.6507                                             0.0000     0.1708 r
  A3/U4/A4 (OA22X1_RVT)                            0.0000    0.0390    0.0000               0.0000     0.1708 r
  A3/U4/Y (OA22X1_RVT)                                       0.0458                         0.0796     0.2505 r
  A3/CO (net)                    2       2.5019                                             0.0000     0.2505 r
  A3/CO (adder2_1)                                                                          0.0000     0.2505 r
  W[2] (net)                             2.5019                                             0.0000     0.2505 r
  A4/Cin (adder2_0)                                                                         0.0000     0.2505 r
  A4/Cin (net)                           2.5019                                             0.0000     0.2505 r
  A4/U1/A3 (XOR3X1_RVT)                            0.0000    0.0458    0.0000               0.0000     0.2505 r
  A4/U1/Y (XOR3X1_RVT)                                       0.0399                         0.0635     0.3140 f
  A4/S (net)                     1       0.2433                                             0.0000     0.3140 f
  A4/S (adder2_0)                                                                           0.0000     0.3140 f
  S[3] (net)                             0.2433                                             0.0000     0.3140 f
  S[3] (out)                                       0.0000    0.0399    0.0000               0.0000     0.3140 f
  data arrival time                                                                                    0.3140

  max_delay                                                                                 0.0000     0.0000
  output external delay                                                                     0.0000     0.0000
  data required time                                                                                   0.0000
  --------------------------------------------------------------------------------------------------------------
  data required time                                                                                   0.0000
  data arrival time                                                                                   -0.3140
  --------------------------------------------------------------------------------------------------------------
  slack (VIOLATED)                                                                                    -0.3140


  Startpoint: A[0] (input port)
  Endpoint: CO (output port)
  Path Group: default
  Path Type: max

  Des/Clust/Port     Wire Load Model       Library
  ------------------------------------------------
  adder_1b           ForQA                 saed32rvt_ss0p95v125c

  Point                        Fanout       Cap     DTran     Trans     Delta     Derate      Incr       Path
  --------------------------------------------------------------------------------------------------------------
  input external delay                                                                      0.0000     0.0000 r
  A[0] (in)                                                  0.0000                         0.0000     0.0000 r
  A[0] (net)                     2       3.7670                                             0.0000     0.0000 r
  A1/A (adder2_3)                                                                           0.0000     0.0000 r
  A1/A (net)                             3.7670                                             0.0000     0.0000 r
  A1/U1/A (FADDX1_RVT)                             0.0000    0.0000    0.0000               0.0000     0.0000 r
  A1/U1/CO (FADDX1_RVT)                                      0.0477                         0.0948     0.0948 r
  A1/CO (net)                    2       1.6507                                             0.0000     0.0948 r
  A1/CO (adder2_3)                                                                          0.0000     0.0948 r
  W[0] (net)                             1.6507                                             0.0000     0.0948 r
  A2/Cin (adder2_2)                                                                         0.0000     0.0948 r
  A2/Cin (net)                           1.6507                                             0.0000     0.0948 r
  A2/U3/A4 (OA22X1_RVT)                            0.0000    0.0477    0.0000               0.0000     0.0948 r
  A2/U3/Y (OA22X1_RVT)                                       0.0390                         0.0760     0.1708 r
  A2/CO (net)                    2       1.6507                                             0.0000     0.1708 r
  A2/CO (adder2_2)                                                                          0.0000     0.1708 r
  W[1] (net)                             1.6507                                             0.0000     0.1708 r
  A3/Cin (adder2_1)                                                                         0.0000     0.1708 r
  A3/Cin (net)                           1.6507                                             0.0000     0.1708 r
  A3/U4/A4 (OA22X1_RVT)                            0.0000    0.0390    0.0000               0.0000     0.1708 r
  A3/U4/Y (OA22X1_RVT)                                       0.0458                         0.0796     0.2505 r
  A3/CO (net)                    2       2.5019                                             0.0000     0.2505 r
  A3/CO (adder2_1)                                                                          0.0000     0.2505 r
  W[2] (net)                             2.5019                                             0.0000     0.2505 r
  A4/Cin (adder2_0)                                                                         0.0000     0.2505 r
  A4/Cin (net)                           2.5019                                             0.0000     0.2505 r
  A4/U3/A3 (AO22X1_RVT)                            0.0000    0.0458    0.0000               0.0000     0.2505 r
  A4/U3/Y (AO22X1_RVT)                                       0.0284                         0.0622     0.3127 r
  A4/CO (net)                    1       0.2433                                             0.0000     0.3127 r
  A4/CO (adder2_0)                                                                          0.0000     0.3127 r
  CO (net)                               0.2433                                             0.0000     0.3127 r
  CO (out)                                         0.0000    0.0284    0.0000               0.0000     0.3127 r
  data arrival time                                                                                    0.3127

  max_delay                                                                                 0.0000     0.0000
  output external delay                                                                     0.0000     0.0000
  data required time                                                                                   0.0000
  --------------------------------------------------------------------------------------------------------------
  data required time                                                                                   0.0000
  data arrival time                                                                                   -0.3127
  --------------------------------------------------------------------------------------------------------------
  slack (VIOLATED)                                                                                    -0.3127


  Startpoint: A[0] (input port)
  Endpoint: S[2] (output port)
  Path Group: default
  Path Type: max

  Des/Clust/Port     Wire Load Model       Library
  ------------------------------------------------
  adder_1b           ForQA                 saed32rvt_ss0p95v125c
  adder2_1           ForQA                 saed32rvt_ss0p95v125c

  Point                        Fanout       Cap     DTran     Trans     Delta     Derate      Incr       Path
  --------------------------------------------------------------------------------------------------------------
  input external delay                                                                      0.0000     0.0000 r
  A[0] (in)                                                  0.0000                         0.0000     0.0000 r
  A[0] (net)                     2       3.7670                                             0.0000     0.0000 r
  A1/A (adder2_3)                                                                           0.0000     0.0000 r
  A1/A (net)                             3.7670                                             0.0000     0.0000 r
  A1/U1/A (FADDX1_RVT)                             0.0000    0.0000    0.0000               0.0000     0.0000 r
  A1/U1/CO (FADDX1_RVT)                                      0.0477                         0.0948     0.0948 r
  A1/CO (net)                    2       1.6507                                             0.0000     0.0948 r
  A1/CO (adder2_3)                                                                          0.0000     0.0948 r
  W[0] (net)                             1.6507                                             0.0000     0.0948 r
  A2/Cin (adder2_2)                                                                         0.0000     0.0948 r
  A2/Cin (net)                           1.6507                                             0.0000     0.0948 r
  A2/U3/A4 (OA22X1_RVT)                            0.0000    0.0477    0.0000               0.0000     0.0948 r
  A2/U3/Y (OA22X1_RVT)                                       0.0390                         0.0760     0.1708 r
  A2/CO (net)                    2       1.6507                                             0.0000     0.1708 r
  A2/CO (adder2_2)                                                                          0.0000     0.1708 r
  W[1] (net)                             1.6507                                             0.0000     0.1708 r
  A3/Cin (adder2_1)                                                                         0.0000     0.1708 r
  A3/Cin (net)                           1.6507                                             0.0000     0.1708 r
  A3/U2/A (NBUFFX2_RVT)                            0.0000    0.0390    0.0000               0.0000     0.1708 r
  A3/U2/Y (NBUFFX2_RVT)                                      0.0253                         0.0513     0.2221 r
  A3/n2 (net)                    1       1.6471                                             0.0000     0.2221 r
  A3/U1/A3 (XOR3X1_RVT)                            0.0000    0.0253    0.0000               0.0000     0.2221 r
  A3/U1/Y (XOR3X1_RVT)                                       0.0399                         0.0567     0.2789 f
  A3/S (net)                     1       0.2433                                             0.0000     0.2789 f
  A3/S (adder2_1)                                                                           0.0000     0.2789 f
  S[2] (net)                             0.2433                                             0.0000     0.2789 f
  S[2] (out)                                       0.0000    0.0399    0.0000               0.0000     0.2789 f
  data arrival time                                                                                    0.2789

  max_delay                                                                                 0.0000     0.0000
  output external delay                                                                     0.0000     0.0000
  data required time                                                                                   0.0000
  --------------------------------------------------------------------------------------------------------------
  data required time                                                                                   0.0000
  data arrival time                                                                                   -0.2789
  --------------------------------------------------------------------------------------------------------------
  slack (VIOLATED)                                                                                    -0.2789


  Startpoint: A[0] (input port)
  Endpoint: S[1] (output port)
  Path Group: default
  Path Type: max

  Des/Clust/Port     Wire Load Model       Library
  ------------------------------------------------
  adder_1b           ForQA                 saed32rvt_ss0p95v125c
  adder2_2           ForQA                 saed32rvt_ss0p95v125c

  Point                        Fanout       Cap     DTran     Trans     Delta     Derate      Incr       Path
  --------------------------------------------------------------------------------------------------------------
  input external delay                                                                      0.0000     0.0000 r
  A[0] (in)                                                  0.0000                         0.0000     0.0000 r
  A[0] (net)                     2       3.7670                                             0.0000     0.0000 r
  A1/A (adder2_3)                                                                           0.0000     0.0000 r
  A1/A (net)                             3.7670                                             0.0000     0.0000 r
  A1/U1/A (FADDX1_RVT)                             0.0000    0.0000    0.0000               0.0000     0.0000 r
  A1/U1/CO (FADDX1_RVT)                                      0.0477                         0.0948     0.0948 r
  A1/CO (net)                    2       1.6507                                             0.0000     0.0948 r
  A1/CO (adder2_3)                                                                          0.0000     0.0948 r
  W[0] (net)                             1.6507                                             0.0000     0.0948 r
  A2/Cin (adder2_2)                                                                         0.0000     0.0948 r
  A2/Cin (net)                           1.6507                                             0.0000     0.0948 r
  A2/U4/A (NBUFFX2_RVT)                            0.0000    0.0477    0.0000               0.0000     0.0948 r
  A2/U4/Y (NBUFFX2_RVT)                                      0.0264                         0.0539     0.1487 r
  A2/n2 (net)                    1       1.6471                                             0.0000     0.1487 r
  A2/U1/A3 (XOR3X1_RVT)                            0.0000    0.0264    0.0000               0.0000     0.1487 r
  A2/U1/Y (XOR3X1_RVT)                                       0.0399                         0.0572     0.2058 f
  A2/S (net)                     1       0.2433                                             0.0000     0.2058 f
  A2/S (adder2_2)                                                                           0.0000     0.2058 f
  S[1] (net)                             0.2433                                             0.0000     0.2058 f
  S[1] (out)                                       0.0000    0.0399    0.0000               0.0000     0.2058 f
  data arrival time                                                                                    0.2058

  max_delay                                                                                 0.0000     0.0000
  output external delay                                                                     0.0000     0.0000
  data required time                                                                                   0.0000
  --------------------------------------------------------------------------------------------------------------
  data required time                                                                                   0.0000
  data arrival time                                                                                   -0.2058
  --------------------------------------------------------------------------------------------------------------
  slack (VIOLATED)                                                                                    -0.2058


  Startpoint: A[0] (input port)
  Endpoint: S[0] (output port)
  Path Group: default
  Path Type: max

  Des/Clust/Port     Wire Load Model       Library
  ------------------------------------------------
  adder_1b           ForQA                 saed32rvt_ss0p95v125c

  Point                        Fanout       Cap     DTran     Trans     Delta     Derate      Incr       Path
  --------------------------------------------------------------------------------------------------------------
  input external delay                                                                      0.0000     0.0000 f
  A[0] (in)                                                  0.0000                         0.0000     0.0000 f
  A[0] (net)                     2       3.7280                                             0.0000     0.0000 f
  A1/A (adder2_3)                                                                           0.0000     0.0000 f
  A1/A (net)                             3.7280                                             0.0000     0.0000 f
  A1/U2/A2 (XOR3X2_RVT)                            0.0000    0.0000    0.0000               0.0000     0.0000 f
  A1/U2/Y (XOR3X2_RVT)                                       0.0431                         0.1420     0.1420 f
  A1/S (net)                     1       0.2433                                             0.0000     0.1420 f
  A1/S (adder2_3)                                                                           0.0000     0.1420 f
  S[0] (net)                             0.2433                                             0.0000     0.1420 f
  S[0] (out)                                       0.0000    0.0431    0.0000               0.0000     0.1420 f
  data arrival time                                                                                    0.1420

  max_delay                                                                                 0.0000     0.0000
  output external delay                                                                     0.0000     0.0000
  data required time                                                                                   0.0000
  --------------------------------------------------------------------------------------------------------------
  data required time                                                                                   0.0000
  data arrival time                                                                                   -0.1420
  --------------------------------------------------------------------------------------------------------------
  slack (VIOLATED)                                                                                    -0.1420


1
